Using pre-set license
Built from '2022.3/china_unity/release' branch; Version is '2022.3.62f1c1 (b0109b07edb8) revision 11538587'; Using compiler version '192829333'; Build Type 'Release'
OS: 'Windows 11  (10.0.26100) 64bit CoreCountrySpecific' Language: 'zh' Physical Memory: 32497 MB
BatchMode: 1, IsHumanControllingUs: 0, StartBugReporterOnCrash: 0, Is64bit: 1, IsPro: 1

COMMAND LINE ARGUMENTS:
D:\UnityEditor\2022.3.62f1c1\Editor\Unity.exe
-adb2
-batchMode
-noUpm
-name
AssetImportWorker1
-projectPath
D:/WorkSpace/Trunk/client/Template
-logFile
Logs/AssetImportWorker1.log
-srvPort
59259
Successfully changed project path to: D:/WorkSpace/Trunk/client/Template
D:/WorkSpace/Trunk/client/Template
[UnityMemory] Configuration Parameters - Can be set up in boot.config
    "memorysetup-bucket-allocator-granularity=16"
    "memorysetup-bucket-allocator-bucket-count=8"
    "memorysetup-bucket-allocator-block-size=33554432"
    "memorysetup-bucket-allocator-block-count=8"
    "memorysetup-main-allocator-block-size=16777216"
    "memorysetup-thread-allocator-block-size=16777216"
    "memorysetup-gfx-main-allocator-block-size=16777216"
    "memorysetup-gfx-thread-allocator-block-size=16777216"
    "memorysetup-cache-allocator-block-size=4194304"
    "memorysetup-typetree-allocator-block-size=2097152"
    "memorysetup-profiler-bucket-allocator-granularity=16"
    "memorysetup-profiler-bucket-allocator-bucket-count=8"
    "memorysetup-profiler-bucket-allocator-block-size=33554432"
    "memorysetup-profiler-bucket-allocator-block-count=8"
    "memorysetup-profiler-allocator-block-size=16777216"
    "memorysetup-profiler-editor-allocator-block-size=1048576"
    "memorysetup-temp-allocator-size-main=16777216"
    "memorysetup-job-temp-allocator-block-size=2097152"
    "memorysetup-job-temp-allocator-block-size-background=1048576"
    "memorysetup-job-temp-allocator-reduction-small-platforms=262144"
    "memorysetup-allocator-temp-initial-block-size-main=262144"
    "memorysetup-allocator-temp-initial-block-size-worker=262144"
    "memorysetup-temp-allocator-size-background-worker=32768"
    "memorysetup-temp-allocator-size-job-worker=262144"
    "memorysetup-temp-allocator-size-preload-manager=33554432"
    "memorysetup-temp-allocator-size-nav-mesh-worker=65536"
    "memorysetup-temp-allocator-size-audio-worker=65536"
    "memorysetup-temp-allocator-size-cloud-worker=32768"
    "memorysetup-temp-allocator-size-gi-baking-worker=262144"
    "memorysetup-temp-allocator-size-gfx=262144"
Player connection [6548]  Target information:

Player connection [6548]  * "[IP] 192.168.74.1 [Port] 0 [Flags] 2 [Guid] 2954373295 [EditorId] 2954373295 [Version] 1048832 [Id] WindowsEditor(7,DESKTOP-3Q800CO) [Debug] 1 [PackageName] WindowsEditor [ProjectName] Editor" 

Player connection [6548]  * "[IP] 192.168.152.1 [Port] 0 [Flags] 2 [Guid] 2954373295 [EditorId] 2954373295 [Version] 1048832 [Id] WindowsEditor(7,DESKTOP-3Q800CO) [Debug] 1 [PackageName] WindowsEditor [ProjectName] Editor" 

Player connection [6548]  * "[IP] 192.168.1.4 [Port] 0 [Flags] 2 [Guid] 2954373295 [EditorId] 2954373295 [Version] 1048832 [Id] WindowsEditor(7,DESKTOP-3Q800CO) [Debug] 1 [PackageName] WindowsEditor [ProjectName] Editor" 

Player connection [6548] Host joined multi-casting on [225.0.0.222:54997]...
Player connection [6548] Host joined alternative multi-casting on [225.0.0.222:34997]...
Input System module state changed to: Initialized.
[PhysX] Initialized MultithreadedTaskDispatcher with 16 workers.
Refreshing native plugins compatible for Editor in 8.24 ms, found 3 plugins.
Preloading 0 native plugins for Editor in 0.00 ms.
Initialize engine version: 2022.3.62f1c1 (b0109b07edb8)
[Subsystems] Discovering subsystems at path D:/UnityEditor/2022.3.62f1c1/Editor/Data/Resources/UnitySubsystems
[Subsystems] Discovering subsystems at path D:/WorkSpace/Trunk/client/Template/Assets
GfxDevice: creating device client; threaded=0; jobified=0
Direct3D:
    Version:  Direct3D 11.0 [level 11.1]
    Renderer: NVIDIA GeForce RTX 4060 Laptop GPU (ID=0x28a0)
    Vendor:   NVIDIA
    VRAM:     7957 MB
    Driver:   32.0.15.7283
Initialize mono
Mono path[0] = 'D:/UnityEditor/2022.3.62f1c1/Editor/Data/Managed'
Mono path[1] = 'D:/UnityEditor/2022.3.62f1c1/Editor/Data/MonoBleedingEdge/lib/mono/unityjit-win32'
Mono config path = 'D:/UnityEditor/2022.3.62f1c1/Editor/Data/MonoBleedingEdge/etc'
Using monoOptions --debugger-agent=transport=dt_socket,embedding=1,server=y,suspend=n,address=127.0.0.1:56252
Begin MonoManager ReloadAssembly
Registering precompiled unity dll's ...
Register platform support module: D:/UnityEditor/2022.3.62f1c1/Editor/Data/PlaybackEngines/WindowsStandaloneSupport/UnityEditor.WindowsStandalone.Extensions.dll
Registered in 0.002924 seconds.
- Loaded All Assemblies, in  0.496 seconds
Native extension for WindowsStandalone target not found
Mono: successfully reloaded assembly
- Finished resetting the current domain, in  0.616 seconds
Domain Reload Profiling: 1112ms
	BeginReloadAssembly (133ms)
		ExecutionOrderSort (0ms)
		DisableScriptedObjects (0ms)
		BackupInstance (0ms)
		ReleaseScriptingObjects (0ms)
		CreateAndSetChildDomain (1ms)
	RebuildCommonClasses (46ms)
	RebuildNativeTypeToScriptingClass (13ms)
	initialDomainReloadingComplete (67ms)
	LoadAllAssembliesAndSetupDomain (238ms)
		LoadAssemblies (133ms)
		RebuildTransferFunctionScriptingTraits (0ms)
		AnalyzeDomain (235ms)
			TypeCache.Refresh (233ms)
				TypeCache.ScanAssembly (212ms)
			ScanForSourceGeneratedMonoScriptInfo (0ms)
			ResolveRequiredComponents (1ms)
	FinalizeReload (617ms)
		ReleaseScriptCaches (0ms)
		RebuildScriptCaches (0ms)
		SetupLoadedEditorAssemblies (553ms)
			LogAssemblyErrors (0ms)
			InitializePlatformSupportModulesInManaged (13ms)
			SetLoadedEditorAssemblies (13ms)
			RefreshPlugins (0ms)
			BeforeProcessingInitializeOnLoad (3ms)
			ProcessInitializeOnLoadAttributes (197ms)
			ProcessInitializeOnLoadMethodAttributes (327ms)
			AfterProcessingInitializeOnLoad (0ms)
			EditorAssembliesLoaded (0ms)
		ExecutionOrderSort2 (0ms)
		AwakeInstancesAfterBackupRestoration (0ms)
========================================================================
Worker process is ready to serve import requests
Caller must complete domain reload
Begin MonoManager ReloadAssembly
Duplicate assembly 'System.Runtime.CompilerServices.Unsafe.dll' with different versions detected, using 'Assets/Plugins/System.Runtime.CompilerServices.Unsafe.dll, AssemblyName=System.Runtime.CompilerServices.Unsafe, Version=6.0.3.0, Culture=neutral, PublicKeyToken=b03f5f7f11d50a3a' and ignoring 'Assets/Plugins/Alurax/Scripts/ThirdParty/Google.Protobuf/System.Runtime.CompilerServices.Unsafe.dll, AssemblyName=System.Runtime.CompilerServices.Unsafe, Version=6.0.0.0, Culture=neutral, PublicKeyToken=b03f5f7f11d50a3a'.- Loaded All Assemblies, in  0.949 seconds
Native extension for WindowsStandalone target not found
Mono: successfully reloaded assembly
- Finished resetting the current domain, in  1.110 seconds
Domain Reload Profiling: 2060ms
	BeginReloadAssembly (245ms)
		ExecutionOrderSort (0ms)
		DisableScriptedObjects (16ms)
		BackupInstance (0ms)
		ReleaseScriptingObjects (0ms)
		CreateAndSetChildDomain (29ms)
	RebuildCommonClasses (78ms)
	RebuildNativeTypeToScriptingClass (14ms)
	initialDomainReloadingComplete (54ms)
	LoadAllAssembliesAndSetupDomain (557ms)
		LoadAssemblies (395ms)
		RebuildTransferFunctionScriptingTraits (0ms)
		AnalyzeDomain (282ms)
			TypeCache.Refresh (241ms)
				TypeCache.ScanAssembly (221ms)
			ScanForSourceGeneratedMonoScriptInfo (27ms)
			ResolveRequiredComponents (10ms)
	FinalizeReload (1111ms)
		ReleaseScriptCaches (0ms)
		RebuildScriptCaches (0ms)
		SetupLoadedEditorAssemblies (919ms)
			LogAssemblyErrors (0ms)
			InitializePlatformSupportModulesInManaged (6ms)
			SetLoadedEditorAssemblies (8ms)
			RefreshPlugins (0ms)
			BeforeProcessingInitializeOnLoad (232ms)
			ProcessInitializeOnLoadAttributes (633ms)
			ProcessInitializeOnLoadMethodAttributes (38ms)
			AfterProcessingInitializeOnLoad (2ms)
			EditorAssembliesLoaded (0ms)
		ExecutionOrderSort2 (0ms)
		AwakeInstancesAfterBackupRestoration (8ms)
Launched and connected shader compiler UnityShaderCompiler.exe after 0.06 seconds
Refreshing native plugins compatible for Editor in 2.44 ms, found 3 plugins.
Preloading 0 native plugins for Editor in 0.00 ms.
Unloading 4225 Unused Serialized files (Serialized files now loaded: 0)
Unloading 26 unused Assets / (57.4 KB). Loaded Objects now: 4689.
Memory consumption went from 150.2 MB to 150.2 MB.
Total: 3.975600 ms (FindLiveObjects: 0.329200 ms CreateObjectMapping: 0.174700 ms MarkObjects: 3.344200 ms  DeleteObjects: 0.126400 ms)

AssetImportParameters requested are different than current active one (requested -> active):
  custom:container-demuxer-ogg: 62fdf1f143b41e24485cea50d1cbac27 -> 
  custom:video-codec-MediaFoundation-h265: 746d11721c4dcdbdad8f713fa42b33f4 -> 
  custom:video-decoder-ogg-theora: a1e56fd34408186e4bbccfd4996cb3dc -> 
  custom:framework-win-MediaFoundation: 216162199b28c13a410421893ffa2e32 -> 
  custom:CustomObjectIndexerAttribute: 9a22284fe3817be447336de3de66b15e -> 
  custom:container-demuxer-webm: 4f35f7cbe854078d1ac9338744f61a02 -> 
  custom:container-muxer-webm: aa71ff27fc2769a1b78a27578f13a17b -> 
  custom:video-decoder-webm-vp8: 9c59270c3fd7afecdb556c50c9e8de78 -> 
  custom:SearchIndexIgnoredProperties: e643bd26f0fe6173181afceb89e7c659 -> 
  custom:AudioImporter_EditorPlatform: d09bf68614088b80899f8185d706f6e7 -> 
  custom:video-encoder-webm-vp8: eb34c28f22e8b96e1ab97ce403110664 -> 
  custom:audio-decoder-ogg-vorbis: bf7c407c2cedff20999df2af8eb42d56 -> 
  custom:audio-encoder-webm-vorbis: bf7c407c2cedff20999df2af8eb42d56 -> 
========================================================================
Received Prepare
Caller must complete domain reload
Begin MonoManager ReloadAssembly
Duplicate assembly 'System.Runtime.CompilerServices.Unsafe.dll' with different versions detected, using 'Assets/Plugins/System.Runtime.CompilerServices.Unsafe.dll, AssemblyName=System.Runtime.CompilerServices.Unsafe, Version=6.0.3.0, Culture=neutral, PublicKeyToken=b03f5f7f11d50a3a' and ignoring 'Assets/Plugins/Alurax/Scripts/ThirdParty/Google.Protobuf/System.Runtime.CompilerServices.Unsafe.dll, AssemblyName=System.Runtime.CompilerServices.Unsafe, Version=6.0.0.0, Culture=neutral, PublicKeyToken=b03f5f7f11d50a3a'.- Loaded All Assemblies, in  0.463 seconds
Native extension for WindowsStandalone target not found
Mono: successfully reloaded assembly
- Finished resetting the current domain, in  0.764 seconds
Domain Reload Profiling: 1226ms
	BeginReloadAssembly (136ms)
		ExecutionOrderSort (0ms)
		DisableScriptedObjects (5ms)
		BackupInstance (0ms)
		ReleaseScriptingObjects (0ms)
		CreateAndSetChildDomain (35ms)
	RebuildCommonClasses (38ms)
	RebuildNativeTypeToScriptingClass (14ms)
	initialDomainReloadingComplete (27ms)
	LoadAllAssembliesAndSetupDomain (247ms)
		LoadAssemblies (284ms)
		RebuildTransferFunctionScriptingTraits (0ms)
		AnalyzeDomain (33ms)
			TypeCache.Refresh (11ms)
				TypeCache.ScanAssembly (3ms)
			ScanForSourceGeneratedMonoScriptInfo (13ms)
			ResolveRequiredComponents (7ms)
	FinalizeReload (764ms)
		ReleaseScriptCaches (0ms)
		RebuildScriptCaches (0ms)
		SetupLoadedEditorAssemblies (418ms)
			LogAssemblyErrors (0ms)
			InitializePlatformSupportModulesInManaged (6ms)
			SetLoadedEditorAssemblies (4ms)
			RefreshPlugins (0ms)
			BeforeProcessingInitializeOnLoad (93ms)
			ProcessInitializeOnLoadAttributes (296ms)
			ProcessInitializeOnLoadMethodAttributes (18ms)
			AfterProcessingInitializeOnLoad (1ms)
			EditorAssembliesLoaded (0ms)
		ExecutionOrderSort2 (0ms)
		AwakeInstancesAfterBackupRestoration (5ms)
Refreshing native plugins compatible for Editor in 2.88 ms, found 3 plugins.
Preloading 0 native plugins for Editor in 0.00 ms.
Unloading 4208 Unused Serialized files (Serialized files now loaded: 0)
Unloading 19 unused Assets / (31.0 KB). Loaded Objects now: 4693.
Memory consumption went from 146.7 MB to 146.7 MB.
Total: 3.087100 ms (FindLiveObjects: 0.382500 ms CreateObjectMapping: 0.208200 ms MarkObjects: 2.430200 ms  DeleteObjects: 0.064500 ms)

Prepare: number of updated asset objects reloaded= 0
AssetImportParameters requested are different than current active one (requested -> active):
  custom:container-demuxer-ogg: 62fdf1f143b41e24485cea50d1cbac27 -> 
  custom:scripting/monoscript/fileName/ActionManager.cs: 7461b8fb61a5f4d0093db565e8d8463a -> e7395301a813b4a0af8c664afa8181c7
  custom:video-codec-MediaFoundation-h265: 746d11721c4dcdbdad8f713fa42b33f4 -> 
  custom:video-decoder-ogg-theora: a1e56fd34408186e4bbccfd4996cb3dc -> 
  custom:framework-win-MediaFoundation: 216162199b28c13a410421893ffa2e32 -> 
  custom:CustomObjectIndexerAttribute: 9a22284fe3817be447336de3de66b15e -> 
  custom:container-demuxer-webm: 4f35f7cbe854078d1ac9338744f61a02 -> 
  custom:container-muxer-webm: aa71ff27fc2769a1b78a27578f13a17b -> 
  custom:video-decoder-webm-vp8: 9c59270c3fd7afecdb556c50c9e8de78 -> 
  custom:SearchIndexIgnoredProperties: e643bd26f0fe6173181afceb89e7c659 -> 
  custom:AudioImporter_EditorPlatform: d09bf68614088b80899f8185d706f6e7 -> 
  custom:video-encoder-webm-vp8: eb34c28f22e8b96e1ab97ce403110664 -> 
  custom:scripting/precompiled-assembly-types:Wakoo: f7fcd8c3779f135931f0b0f37582d1cf -> e038a211d189c62c4a0c4dd5acdb8c63
  custom:audio-decoder-ogg-vorbis: bf7c407c2cedff20999df2af8eb42d56 -> 
  custom:audio-encoder-webm-vorbis: bf7c407c2cedff20999df2af8eb42d56 -> 
========================================================================
Received Prepare
Caller must complete domain reload
Begin MonoManager ReloadAssembly
Duplicate assembly 'System.Runtime.CompilerServices.Unsafe.dll' with different versions detected, using 'Assets/Plugins/System.Runtime.CompilerServices.Unsafe.dll, AssemblyName=System.Runtime.CompilerServices.Unsafe, Version=6.0.3.0, Culture=neutral, PublicKeyToken=b03f5f7f11d50a3a' and ignoring 'Assets/Plugins/Alurax/Scripts/ThirdParty/Google.Protobuf/System.Runtime.CompilerServices.Unsafe.dll, AssemblyName=System.Runtime.CompilerServices.Unsafe, Version=6.0.0.0, Culture=neutral, PublicKeyToken=b03f5f7f11d50a3a'.- Loaded All Assemblies, in  0.530 seconds
Native extension for WindowsStandalone target not found
Mono: successfully reloaded assembly
- Finished resetting the current domain, in  1.293 seconds
Domain Reload Profiling: 1823ms
	BeginReloadAssembly (169ms)
		ExecutionOrderSort (0ms)
		DisableScriptedObjects (4ms)
		BackupInstance (0ms)
		ReleaseScriptingObjects (0ms)
		CreateAndSetChildDomain (40ms)
	RebuildCommonClasses (35ms)
	RebuildNativeTypeToScriptingClass (12ms)
	initialDomainReloadingComplete (23ms)
	LoadAllAssembliesAndSetupDomain (291ms)
		LoadAssemblies (312ms)
		RebuildTransferFunctionScriptingTraits (0ms)
		AnalyzeDomain (63ms)
			TypeCache.Refresh (33ms)
				TypeCache.ScanAssembly (17ms)
			ScanForSourceGeneratedMonoScriptInfo (17ms)
			ResolveRequiredComponents (11ms)
	FinalizeReload (1293ms)
		ReleaseScriptCaches (0ms)
		RebuildScriptCaches (0ms)
		SetupLoadedEditorAssemblies (652ms)
			LogAssemblyErrors (0ms)
			InitializePlatformSupportModulesInManaged (7ms)
			SetLoadedEditorAssemblies (5ms)
			RefreshPlugins (0ms)
			BeforeProcessingInitializeOnLoad (118ms)
			ProcessInitializeOnLoadAttributes (489ms)
			ProcessInitializeOnLoadMethodAttributes (30ms)
			AfterProcessingInitializeOnLoad (3ms)
			EditorAssembliesLoaded (0ms)
		ExecutionOrderSort2 (0ms)
		AwakeInstancesAfterBackupRestoration (11ms)
Refreshing native plugins compatible for Editor in 2.32 ms, found 3 plugins.
Preloading 0 native plugins for Editor in 0.00 ms.
Unloading 4208 Unused Serialized files (Serialized files now loaded: 0)
Unloading 19 unused Assets / (31.1 KB). Loaded Objects now: 4697.
Memory consumption went from 146.7 MB to 146.7 MB.
Total: 3.843300 ms (FindLiveObjects: 0.299600 ms CreateObjectMapping: 0.195200 ms MarkObjects: 3.280200 ms  DeleteObjects: 0.066700 ms)

Prepare: number of updated asset objects reloaded= 0
AssetImportParameters requested are different than current active one (requested -> active):
  custom:scripting/monoscript/fileName/Transform.Extension.cs: 2838f8903ca0b16a8c4a45b27cefd008 -> d823118b17332363101865e0e3301ccc
  custom:scripting/monoscript/fileName/UIViewSub.cs: 6a5622dd79bfb9b22e7dc5665409dd03 -> 648783e081755f9915fcbe45f94a73d6
  custom:scripting/monoscript/fileName/UILock.cs: 9c713b7ef4a7b2a126e8fcdb1e4e617f -> bf19dcdd1d5dffac410252e5f9ace52c
  custom:scripting/monoscript/fileName/UGUIHelper.cs: 419e95d3ba95850c57597071eb9d4268 -> 0d8cc246d598a3574f0a70bfc0acdc0d
  custom:scripting/monoscript/fileName/InvertNode.cs: aef8993020aaa00c85fda3667cae847a -> dea92a5f89875763edefe3a7d679495c
  custom:scripting/monoscript/fileName/TweenScaleX.cs: d95f2c20ff436c9d3e5c8819dc611bdf -> c1197e6bdce7981ba79588ce329756ed
  custom:scripting/monoscript/fileName/RandomNode.cs: 3a12d989d014ae414a7ff52247c7cc9e -> 885d54f94d48e6739686aa2df54b2dcc
  custom:scripting/monoscript/fileName/WebSocketClient.cs: bc0d08bf9fdbbf33d8ad12063d1db5a3 -> fd60ee06081554d62016c68d8760734c
  custom:scripting/monoscript/fileName/Download.cs: f6501e8dc91aaff62f79e1e104f3fb2b -> aad7b60f9ad7a71a2475010fc4b161d2
  custom:container-demuxer-ogg: 62fdf1f143b41e24485cea50d1cbac27 -> 
  custom:scripting/monoscript/fileName/SelectorNode.cs: 05fc24c060cffddb4e2edfbc68b022ba -> 5f48bac05a017c522ca04e884f8eb494
  custom:scripting/monoscript/fileName/TweenPositionX.cs: cb3a03be4bebed68f7daeaece450daaf -> ee182dbe4cee02e895443de27fd80c93
  custom:scripting/monoscript/fileName/EventDelegate.cs: 064c5d17dc70f2065c3b131a44e37e45 -> f5a511fa1a54cd44ff21609ffd6f3d2f
  custom:scripting/monoscript/fileName/UIViewAnim.cs: 597c194ac7ed227a7c310b22228ab305 -> 887ce835311aeb0168ba1a56786ea696
  custom:scripting/monoscript/fileName/ActionManager.cs: 642a16899f3a61211e3e6bca53df3682 -> e7395301a813b4a0af8c664afa8181c7
  custom:scripting/monoscript/fileName/StaggeredGridItemPool.cs: a8d6e35bcbcbca3c8b8d6530e8814b67 -> a1c56a735862144bc7088969e0dc38ee
  custom:scripting/monoscript/fileName/IEntityData.cs: 3e95ef12f49a4d6306bff9ed0157020b -> 030b5fb68697e6ef54216f87043b4104
  custom:video-codec-MediaFoundation-h265: 746d11721c4dcdbdad8f713fa42b33f4 -> 
  custom:scripting/monoscript/fileName/Lang.cs: 8cdec2b08ce11af897921fd017a05573 -> 88c9ed800ae2320a060a9053ce1b7a69
  custom:scripting/monoscript/fileName/DelayNode.cs: 07fe52bcf5d2d29631ae3c1495c55c75 -> 9f4785231d299fd0202957912b0c79e7
  custom:scripting/monoscript/fileName/TweenPositionZ.cs: 6821f4b8c04dac8e74c466e4da3b3c9d -> f3db623762648e4e40489eca2299b99f
  custom:scripting/monoscript/fileName/TweenSizeDelta.cs: 3064564b2d445c09994623b1693627cc -> 1d60280c270f1256721be1809b4f2817
  custom:scripting/monoscript/fileName/LabelTextAttribute.cs: 6e521d7f6067d8904c0b4241b930c349 -> 1504f737148d10f74647ad0566960d9e
  custom:scripting/monoscript/fileName/BlackboardSerialize.cs: a273462b5fa4d0d5b3a5c9c7cb1ecb9f -> f00ad90196ba55a1dc10ac972dc3dbac
  custom:scripting/monoscript/fileName/StateFsm.cs: 4dd1b66d5b64718c533cd30ab410429e -> 147d7e169f792ff1aa4516d93f9bc487
  custom:video-decoder-ogg-theora: a1e56fd34408186e4bbccfd4996cb3dc -> 
  custom:scripting/monoscript/fileName/NetLocalServer.cs: 7f0b5b3909ec096bcd221a7a3b4486e4 -> 3ff54de2a7043ad77b01dce90082dd63
  custom:scripting/monoscript/fileName/CustomAnimationState.cs: c3aaea091e69635ce0b7941b1ecd7049 -> 2397b3fecd79aaa780d20e4caaaa937e
  custom:scripting/monoscript/fileName/Feishu.cs: 24198a470d51f49c89a521f9b4b56cbd -> 7c848f16984648b22093a2929a1a5b74
  custom:scripting/monoscript/fileName/Alurax.cs: 5fffe36e80ca6064658ec7bf205b3b83 -> 878ca3420d69cbc3017c1a9189882d93
  custom:framework-win-MediaFoundation: 216162199b28c13a410421893ffa2e32 -> 
  custom:scripting/monoscript/fileName/Blackboard.cs: e30d429c5fb2488e5e65ac9b2c74b297 -> 9aa5dea9a86e4647acbd1fda802c1cbe
  custom:scripting/monoscript/fileName/SetVariableNode.cs: 1ff877361a08f830a0eb127ea50a3855 -> 24b926edbbd58e930916ab9f8aa4b8d0
  custom:scripting/monoscript/fileName/TweenWidth.cs: 9b17f2a449d27066a70f7ff612ca337d -> f09388b8b5d8f0f11dacd75ad9704e08
  custom:scripting/monoscript/fileName/ActObject.cs: 6dd9027b1e08aa5d8090eb1474c6d700 -> 689bd512e75d3a0be2db2246babfc105
  custom:scripting/monoscript/fileName/TimeHelper.cs: 79b12c1a68f83384cf9d3772b25f1adc -> 38a35964ff07d8427cb061515d4eac9a
  custom:scripting/monoscript/fileName/BundleMap.cs: 657a53270a0c9e9a648ba06082641f74 -> 81e683e63804d1a2daa0e7209a76953a
  custom:scripting/monoscript/fileName/TweenRotationZ.cs: 5601e5ee6e021ffd72aa6345c4bbaae3 -> 9e0cb99fbfcb5db8805481170c8e9dbf
  custom:scripting/monoscript/fileName/TweenPositionY.cs: a28b34aa033fb98c5941fa9b3df8d9cd -> ee8ccb671c8c1d9484a8873a357eff4e
  custom:scripting/monoscript/fileName/Vector3.Extension.cs: 12887526d0f445911d1c878a90b1af9c -> a6ae2a7889ae013299ad2cfd919428f8
  custom:scripting/monoscript/fileName/CustomAnimation.cs: 84d8bd0ebe8798717a0411af1fb4caa0 -> 8b5b63ab1532b6736d9ff85df176f79c
  custom:scripting/monoscript/fileName/ABBaseRule.cs: d43a83a317e7ddb8786aec801d38c1c3 -> 9c4ef0d6002e6ee2803ddc0cd09da1ba
  custom:scripting/monoscript/fileName/UILang.cs: 477b79b4c2bb2c4e4f1ff67bdd53bd9b -> 41905398f322fc41ba301bd446f81d9a
  custom:scripting/monoscript/fileName/ProfilerUtils.cs: b479084f35bda087d7586dc107882b71 -> 5ac4c82983f0696acced9ab7978ee9b8
  custom:scripting/monoscript/fileName/ModHandlerAttribute.cs: e8a7b04c81ec88242f994a75559acb35 -> 423a6ef19ac0a6ebb60b47060b5feedf
  custom:scripting/monoscript/fileName/BehaviourTreeScriptObject.cs: 3803177891fa1eedd7c99e0afd741d06 -> 1690dfbc2f8d0501ba7f55a60f94e233
  custom:scripting/monoscript/fileName/NetConfig.cs: 0381e13a67a66a53a8751bc43f4e191a -> 8433bb46fd5b517bcdcfb6c7c702e418
  custom:scripting/monoscript/fileName/UILangLibrary.cs: 13423bd0445f79d16094a7aa060bc1ab -> a75709f4ac3938cf3e003f986578263b
  custom:scripting/monoscript/fileName/TweenScale.cs: 1dc06c724f58830e4e600e31d9b7436b -> 494b3315e427862f2f180bb113e83265
  custom:scripting/monoscript/fileName/LoopStaggeredGridView.cs: ad4f8e7351271f8583c3b58f7b137ac5 -> 72f9d53d55c244db9bb0cce101edc681
  custom:CustomObjectIndexerAttribute: 9a22284fe3817be447336de3de66b15e -> 
  custom:scripting/monoscript/fileName/TweenFloat.cs: cbfd1a2abf2771dfa35291d96cce482b -> b77e9d0f9b1f0b7932968d853049de94
  custom:scripting/monoscript/fileName/UIBind.cs: b4d4f68299678a641a13983bd584d87a -> d786af077886265732bd461626ab8552
  custom:scripting/monoscript/fileName/UIManager.cs: 3dbd40448c1c56e9b5d347d05a969a6f -> 1c66ec75abd0ed269ab1301c9b91ebbb
  custom:scripting/monoscript/fileName/NetPacket.cs: 0a4192933a89b51b4b3772a63241b737 -> c973d88f22c9de1898f7ffe10a042770
  custom:container-demuxer-webm: 4f35f7cbe854078d1ac9338744f61a02 -> 
  custom:scripting/monoscript/fileName/GameObject.Extension.cs: ebe2886e16c60f928426b4e391c90a89 -> e67603251f3eedb8550b43ad7059f89c
  custom:scripting/monoscript/fileName/ItemPosMgr.cs: 7989b3f3645037cea686270a688405f9 -> cdb8388ddeff64b33c15cf8a02776a79
  custom:scripting/monoscript/fileName/BlackboardVariableJsonConverter.cs: bc5bef329b10c012454e256d875025fb -> 287d20ebbced02e40a99420591c734cb
  custom:scripting/monoscript/fileName/UIView.cs: fb8007c3912187f4a9f9940b4f0990b0 -> fee33a2e4c71566ca6e04c888ccc641d
  custom:scripting/monoscript/fileName/UIState.cs: c93aa41aef567f4cdd74371b0aac0855 -> 3bb9ca8b202fb4ae9af28961695ba5fd
  custom:scripting/monoscript/fileName/WaitSecondsNode.cs: 540924c08ab27d75bb1d6739f631b213 -> 4488b8b4bb36cd39aa1c897cd4c7fda2
  custom:scripting/monoscript/fileName/TweenColor.cs: 89dbae2f35a29a53e872dfd2ad777e4a -> 316f0824466f1f25ab0ccdb99363b047
  custom:scripting/monoscript/fileName/RootNode.cs: 5d3dd18c4c06e5ff3b2828505b51a548 -> f6425544f5a12a34c2f2f258fed49c38
  custom:scripting/monoscript/fileName/TweenRotationY.cs: ab30ca5ba7c58d1b3c70f4336bb587bb -> aad56fba80c0bb0e472b5293a783e30d
  custom:scripting/monoscript/fileName/ClampAttribute.cs: 829b88edd7f38d81617b133708eebe87 -> 14ac91aa8d363811e4426262d15e91f0
  custom:scripting/monoscript/fileName/LogWrite.cs: 24e7c10e4ee5d6d85bafa088dd1a0302 -> 2d398127d958d531ea61442b6d821031
  custom:scripting/monoscript/fileName/LoopGridItemPool.cs: b01e8962f6b4c0b67d27e4c26f4ffc8f -> 0faffaa6cec94cc66ae6d94a54c97332
  custom:scripting/monoscript/fileName/ConditionNode.cs: 80558d242821248563852d49b680878d -> 96aa59717425e3ae38ce20ae4baceb92
  custom:scripting/monoscript/fileName/UIImage.cs: b3f6323474da12c7d06aadc4c1f62e51 -> d15fc8a02b929cc4b62d6b0f2bc0bbaf
  custom:scripting/monoscript/fileName/Vector2.Extension.cs: 2baa88946326cdbfb6120d0c82f51f5d -> 686c91aee8b8ecede42f550720e41160
  custom:scripting/monoscript/fileName/LoopListItemPool.cs: 2a09657c225ee7a0bb35e2e612266d3e -> 70c61f96a3700105c3c69779216e0416
  custom:scripting/monoscript/fileName/UIBindItem.cs: f0129c0e5fc910d9cd7a684e2b54acb7 -> 13f960dce1aa25b539a9ec24ce40e3d3
  custom:scripting/monoscript/fileName/TweenAlphaGroup.cs: 2dbcf72ba68b015d917f57a6d46804e3 -> d9c8df9afab07217c0157018a2c7ca6b
  custom:scripting/monoscript/fileName/BlackboardVariable.cs: 86147a9556940e33dc371e96b2d8dfc5 -> 3873cee0f06c0a08cd458f9d1910e4ce
  custom:scripting/monoscript/fileName/ParallelNode.cs: 522adb8ba3732e671a562d5dc09f315c -> 197b70677d40f900582556f9a2605cff
  custom:container-muxer-webm: aa71ff27fc2769a1b78a27578f13a17b -> 
  custom:scripting/precompiled-assembly-types:Alurax: f7fcd8c3779f135931f0b0f37582d1cf -> 
  custom:scripting/monoscript/fileName/BlackboardComponent.cs: 34014d4ac59f6b2f4d260a6487b24f7b -> 3a7f7176cde4c825810bb5e32e68e162
  custom:scripting/monoscript/fileName/NetworkManager.cs: 3ae2d797ad1b8820c9159d7893ff027e -> 24c613b61d65c6c979170d1356966b78
  custom:video-decoder-webm-vp8: 9c59270c3fd7afecdb556c50c9e8de78 -> 
  custom:scripting/monoscript/fileName/WaitUntilNode.cs: 1ccdc2dc0d3d9c8957e027991a90406b -> 107060008ffcabd8445bee36203e61c2
  custom:scripting/monoscript/fileName/ActDummy.cs: 1270cb0f6368e73a34b73561161ac22c -> 2d961fd83a34fa4d9904e72cccd61699
  custom:scripting/monoscript/fileName/TweenHeight.cs: f9abe76f9a09f69c0f1c596e946ca744 -> 9c690bbdb589cd2560728029452204f6
  custom:scripting/monoscript/fileName/TweenRotation.cs: b24e46edbe0f97cbcc980bf4d5a80e13 -> cd08173666e20fa2322681913ad4355f
  custom:SearchIndexIgnoredProperties: e643bd26f0fe6173181afceb89e7c659 -> 
  custom:AudioImporter_EditorPlatform: d09bf68614088b80899f8185d706f6e7 -> 
  custom:scripting/monoscript/fileName/NodeBase.cs: dbc858a1009f84aae3d726eb8cc1d719 -> 0d5df9053b52ae5c3eec53de58325b5d
  custom:scripting/monoscript/fileName/ABPack.cs: 538d45bc3bb44c43f9609d8b0bd7da43 -> 2da04bcb41333d3aa309b70fd7d24f22
  custom:scripting/monoscript/fileName/ActEnable.cs: 19266894b6187f33f078f979ecaf985d -> 770c69494c2f41b83a1a7357a447a5ca
  custom:scripting/monoscript/fileName/CommonDefine.cs: 5b25e4b3f55429941f50240f8723a333 -> 7ec3e22332e0b5f39012547465c8bbe9
  custom:scripting/monoscript/fileName/CompositeNode.cs: 03480dbc273edb4baf7f3c49c7e4ab64 -> 1f11379635d46bf12431719761d5d720
  custom:scripting/monoscript/fileName/BehaviourTree.cs: 5314da5dc12269f33df87af9f500bb10 -> 11f32c54e599a642d09ef373e12fab48
  custom:scripting/monoscript/fileName/UIEventTrigger.cs: 91216423c418998a292ffb3fe005a1d6 -> a12958e81daf1dc18e3ec2be74a0a471
  custom:scripting/monoscript/fileName/DecoratorNode.cs: 7edcb6da025022cc334b14e5e1772309 -> 5416543288b25a3830d7d143bb027bfe
  custom:scripting/monoscript/fileName/ClickEventListener.cs: 53d32fec55aa14161cc9cee36f76fc31 -> 9bdc08ec67a116b9e020a29a932ae465
  custom:scripting/monoscript/fileName/TweenScaleZ.cs: a5451a6ac34570a0c732b9a6cee45945 -> dfe8a68a0997003f5480d7e2c5648e54
  custom:scripting/monoscript/fileName/PreviewListView.cs: 2a7e6c35aa987f742a409fea6253cdc6 -> 724bdd28bde3d803509310aa1fc2fa57
  custom:scripting/monoscript/fileName/FileUtils.cs: 52a4181d2816a066130820aaf2528675 -> ae35e870318b82a13eda15151d729201
  custom:scripting/monoscript/fileName/TCPManager.cs: a719d3a4e3aaf48d2549efbeae64bd7f -> 795a0e6ff0a3f476214786b4de184190
  custom:scripting/monoscript/fileName/UITweener.cs: 4b724dc63d393a5d5b61d41b9d71dd01 -> f32ab1a7efda62e6a0a9b2b688cb50b4
  custom:scripting/monoscript/fileName/TweenScaleSizeDelta.cs: 3b13db3b9a02563b076f3ac7d05cae36 -> 67a90e18bff0604c290b8758b746f844
  custom:scripting/monoscript/fileName/TweenPosition.cs: daca9dd54c46178a8120acd352b55fa4 -> 6c102b202ad7ac7faf2e355af2e4d05a
  custom:scripting/monoscript/fileName/UIRawImage.cs: c642062746821d0fe84c612609e7554c -> 3466346ecd4fd4a506524d54b000bef1
  custom:scripting/monoscript/fileName/FailureNode.cs: d933634df61c9ec78314bdbf3cd19c4c -> 44f8b70834b3298e09ef3f659d6b1c11
  custom:scripting/monoscript/fileName/EntityBase.cs: 7229dbbfbabaf7edbf12d50aaabcf7cd -> bca4c105f178bde59c45f39ebb713fb5
  custom:scripting/monoscript/fileName/UITextMeshPro.cs: 9c825fc5c1a4f26ec3984c0735920206 -> a70e2f7f5cc294389e46d825a33af4ce
  custom:scripting/monoscript/fileName/ModBase.cs: 7e1d5cd1aae5ec846957882378e66b5d -> 68a8f384fd7e00aa70fc76a0ec6bf4b6
  custom:scripting/monoscript/fileName/LoopListView2.cs: 695527fd8e3bdb810702dbaad561bfc0 -> fb73a501b930875dd05ab1d00634b809
  custom:scripting/monoscript/fileName/LoopTreeViewItem.cs: e7b6622c51589039600e4b9ce426bdf0 -> d587bdf6e95420c7d985f9c697c80970
  custom:scripting/monoscript/fileName/TCPClient.cs: 59b9e95dad91f34a0a178a799b6a02b3 -> ce0ce117831398244d7f78a5cb9dd3f4
  custom:video-encoder-webm-vp8: eb34c28f22e8b96e1ab97ce403110664 -> 
  custom:scripting/monoscript/fileName/TweenScaleY.cs: 239f012a81ab768a7645f234de3a8f6c -> 56d2deea63aa272467b77175c2d7e093
  custom:scripting/monoscript/fileName/TweenRotationX.cs: 5ccb977ead3af07fea1afafd0d49601f -> 8b2dc058359656ea812410045c8df4b8
  custom:scripting/monoscript/fileName/UIHandlerAttribute.cs: db729bcdf7c2dea1c83abe5f33733c0a -> 4703866ebf134362d1dd8730b1764484
  custom:scripting/monoscript/fileName/WaitStopNode.cs: df9737fa28bd3874b1677833ef852bb2 -> b155769938100bbc93432f871f707503
  custom:audio-decoder-ogg-vorbis: bf7c407c2cedff20999df2af8eb42d56 -> 
  custom:scripting/monoscript/fileName/LogNode.cs: 1d9b4a8fa33bf143c089d66e12059099 -> 671649917d8620d9728418b0bf583bc1
  custom:scripting/monoscript/fileName/UIHandler.cs: 6a189eb2ebe83944f72cee0168dca96f -> 66c6e859354fc8f91211817033557d45
  custom:scripting/monoscript/fileName/UIEmptySelectable.cs: ddcef08fb191ebc16c35eb992b72cf2d -> ac8e925baa4ea010ddba947e641cf7b6
  custom:scripting/monoscript/fileName/ContainerNode.cs: 9bae42a14469668be04fcc26d863f7c9 -> 7fb2ab950ef036b5c8fa13a463d358cf
  custom:scripting/monoscript/fileName/Assets.cs: ac3741c2b735d49f501cdfcda9f94851 -> 7a5e4511cd25bd73def4f23126e80af6
  custom:scripting/monoscript/fileName/StaggeredGridItemGroup.cs: c479db337ede405ff9c791e2f76c0a97 -> 48ec045c53f862821f2cd6a3779c5249
  custom:scripting/monoscript/fileName/StateNode.cs: 120efb680258e41decccf3bcdb6f1d85 -> 1ae57dfc1fd74577d994133d40477910
  custom:scripting/monoscript/fileName/SuccessNode.cs: 0be188406e5a50fb11b816ae5a32a9a7 -> b553f29ddadd0c0f34ac4640c0b8119c
  custom:scripting/monoscript/fileName/UIMeshImage.cs: 5e79e71b0ad7101a6fcdcca2718faa87 -> 2eddab75367c56540f9fd70e7cdaaf8b
  custom:scripting/monoscript/fileName/UIContainer.cs: 26fc380c591b0ea16ea8704abf9853b2 -> c9d1e178dbbb5020b4a23e8309be5fea
  custom:scripting/monoscript/fileName/ActDirector.cs: bbed32131f0e604296678b8464c90da4 -> 91eac7aa58fbdb75774cdf3fcb2d0a8b
  custom:scripting/monoscript/fileName/LoopGridView.cs: d0d3e66596da797ccb0cf9892d5e365a -> 64eb0b321b7a53119d733816fdcc3aac
  custom:scripting/monoscript/fileName/GridItemGroup.cs: f6c124997e755a847579f71e41084570 -> 7b45eedfa7576c534a80bcf8f4dc2070
  custom:scripting/monoscript/fileName/LoopListViewItem2.cs: f0a0bd0e7c651cd834ff59aeb0553f69 -> e51dc450aaeb10cf7e4f1510bb108776
  custom:scripting/monoscript/fileName/UIToggle.cs: 43eb3f5f457c90d3928a318f9e889cb3 -> 02750cfe99d4bec4764c0d70e14bb061
  custom:scripting/monoscript/fileName/ActNameAttribute.cs: 17cb2cd6dfb8be805374beae3333d17d -> ee3615cd8123925979b3c6c9fce376f7
  custom:scripting/monoscript/fileName/RepeatNode.cs: 5473ba8c0629fc753520daa66335ba8b -> 491ea16c638727e6beaef850f006336f
  custom:scripting/monoscript/fileName/ActionNode.cs: 5381f648df9ab14e32640d759c11aa53 -> 1c34c57157f704f239192cacbf42bf86
  custom:scripting/monoscript/fileName/LoopGridViewItem.cs: 19010b52c1afe8f83f047d3d35a8de91 -> 3bca172af0145e8acd101decd572e137
  custom:scripting/monoscript/fileName/EntityDataBoard.cs: 784a1b3ad5f97427cfdcf5453bb56056 -> 1fcfa726b8b5fa797a9206a5aedaabf5
  custom:scripting/monoscript/fileName/StateBase.cs: fbbddff37941e5e76409d1378aca0028 -> 0053a7da0d80b02f5266d1686798bef3
  custom:scripting/monoscript/fileName/UIHeadView.cs: d27e87c2397e32f172ef901cecfacfed -> 73ab6b2e16ae456bff55df6a8de79b04
  custom:scripting/monoscript/fileName/CooldownNode.cs: 141f42097a09ee944d7b1dd66627fbc7 -> 8783a51c870eb419a63c7364d4921369
  custom:scripting/monoscript/fileName/LoopTreeView.cs: e33d5ac5d7a66c7d4311b283c3b5def2 -> bcefd5f416df7f30c3f1a4c5e5dcad34
  custom:scripting/monoscript/fileName/TaskManager.cs: c8c7f4dc202f21be748003804c4088c1 -> fa482f35f629691957754eca0354b3f7
  custom:audio-encoder-webm-vorbis: bf7c407c2cedff20999df2af8eb42d56 -> 
  custom:scripting/monoscript/fileName/LoopTreeItemPool.cs: fbdd340a6e568bbe3f7a3b826dbfe895 -> f1abc1b5ca8e88e62af4c6a195c29f29
  custom:scripting/monoscript/fileName/ActBase.cs: bb1829b097cdf768087e48b74a77e875 -> 4eceb0efef62303e6c89cde84b553fee
  custom:scripting/monoscript/fileName/AnimationPlayable.cs: 93a09722a98d5b065b4e65e882766974 -> e2698f6e8f3c4437d09672b08b478ba9
  custom:scripting/monoscript/fileName/AnimationLayer.cs: 68e1a48c6e056675ab4dcab561ba68c7 -> f270f6c988c387c755d1ef8289eba7c9
  custom:scripting/monoscript/fileName/ButtonAttribute.cs: c4418979472a60486d1a8cdc25c36c2d -> 373c79ae01d35965a84d1acb36b51696
  custom:scripting/monoscript/fileName/UIPersist.cs: 24beff0daf3ea1519c0bee81ff9874ea -> 08108ea4c7cef7d3fa831565b278195a
  custom:scripting/monoscript/fileName/EntityComponent.cs: 34cc614ceaa3def7aa3e7dd5e9abb0a1 -> a2007eb1296ae4369e73a675d817c6bf
  custom:scripting/monoscript/fileName/TweenAlpha.cs: 95aa68cdfcfde7b9d5ab6355e5b17f54 -> abdc7b04780b1e9e47f0d02df7dc734f
  custom:scripting/monoscript/fileName/LoopStaggeredGridViewItem.cs: 2710aef4e06a8076ca248a28666344fc -> aeda343c09fa141ae321b9c4314cc944
  custom:scripting/monoscript/fileName/GameObjectPool.cs: 1426532ee1bc287e13ffaae75ce8ff7b -> a3db75047749f351b3b1edb6ecf0ae0c
  custom:scripting/monoscript/fileName/UIText.cs: 19ad982f26bc6e74135e55ac6be5d876 -> 7049dc0ee3a379ff44b7aa83db1e06b9
  custom:scripting/monoscript/fileName/BehaviourTreeComponent.cs: 0139398918cc8f9df13f7720b2a41a15 -> 1d7c79f2754b60363e3a6062383b022b
  custom:scripting/monoscript/fileName/ModManager.cs: eecd892eaf7a7e4aac22fe2d42ffe68d -> ea5a42e8e15d148a605d1adb9a76e04c
  custom:scripting/monoscript/fileName/SequenceNode.cs: 17946d0b2837cd99854aa3d08f87ae19 -> d1f1e30c066be71606c8998e194e75ba
  custom:scripting/precompiled-assembly-types:Wakoo:  -> e038a211d189c62c4a0c4dd5acdb8c63
========================================================================
Received Prepare
Caller must complete domain reload
Begin MonoManager ReloadAssembly
Duplicate assembly 'System.Runtime.CompilerServices.Unsafe.dll' with different versions detected, using 'Assets/Plugins/System.Runtime.CompilerServices.Unsafe.dll, AssemblyName=System.Runtime.CompilerServices.Unsafe, Version=6.0.3.0, Culture=neutral, PublicKeyToken=b03f5f7f11d50a3a' and ignoring 'Assets/Plugins/Alurax/Scripts/ThirdParty/Google.Protobuf/System.Runtime.CompilerServices.Unsafe.dll, AssemblyName=System.Runtime.CompilerServices.Unsafe, Version=6.0.0.0, Culture=neutral, PublicKeyToken=b03f5f7f11d50a3a'.- Loaded All Assemblies, in  0.321 seconds
Native extension for WindowsStandalone target not found
Mono: successfully reloaded assembly
- Finished resetting the current domain, in  0.632 seconds
Domain Reload Profiling: 953ms
	BeginReloadAssembly (95ms)
		ExecutionOrderSort (0ms)
		DisableScriptedObjects (3ms)
		BackupInstance (0ms)
		ReleaseScriptingObjects (0ms)
		CreateAndSetChildDomain (21ms)
	RebuildCommonClasses (21ms)
	RebuildNativeTypeToScriptingClass (10ms)
	initialDomainReloadingComplete (23ms)
	LoadAllAssembliesAndSetupDomain (172ms)
		LoadAssemblies (194ms)
		RebuildTransferFunctionScriptingTraits (0ms)
		AnalyzeDomain (26ms)
			TypeCache.Refresh (10ms)
				TypeCache.ScanAssembly (3ms)
			ScanForSourceGeneratedMonoScriptInfo (9ms)
			ResolveRequiredComponents (5ms)
	FinalizeReload (632ms)
		ReleaseScriptCaches (0ms)
		RebuildScriptCaches (0ms)
		SetupLoadedEditorAssemblies (397ms)
			LogAssemblyErrors (0ms)
			InitializePlatformSupportModulesInManaged (4ms)
			SetLoadedEditorAssemblies (4ms)
			RefreshPlugins (0ms)
			BeforeProcessingInitializeOnLoad (82ms)
			ProcessInitializeOnLoadAttributes (289ms)
			ProcessInitializeOnLoadMethodAttributes (18ms)
			AfterProcessingInitializeOnLoad (1ms)
			EditorAssembliesLoaded (0ms)
		ExecutionOrderSort2 (0ms)
		AwakeInstancesAfterBackupRestoration (4ms)
Refreshing native plugins compatible for Editor in 2.19 ms, found 3 plugins.
Preloading 0 native plugins for Editor in 0.00 ms.
Unloading 4208 Unused Serialized files (Serialized files now loaded: 0)
Unloading 19 unused Assets / (31.1 KB). Loaded Objects now: 4701.
Memory consumption went from 146.7 MB to 146.7 MB.
Total: 3.710400 ms (FindLiveObjects: 0.328500 ms CreateObjectMapping: 0.130700 ms MarkObjects: 3.204400 ms  DeleteObjects: 0.045400 ms)

Prepare: number of updated asset objects reloaded= 0
AssetImportParameters requested are different than current active one (requested -> active):
  custom:scripting/monoscript/fileName/Transform.Extension.cs: 2838f8903ca0b16a8c4a45b27cefd008 -> d823118b17332363101865e0e3301ccc
  custom:scripting/monoscript/fileName/UIViewSub.cs: 6a5622dd79bfb9b22e7dc5665409dd03 -> 648783e081755f9915fcbe45f94a73d6
  custom:scripting/monoscript/fileName/UILock.cs: 9c713b7ef4a7b2a126e8fcdb1e4e617f -> bf19dcdd1d5dffac410252e5f9ace52c
  custom:scripting/monoscript/fileName/UGUIHelper.cs: 419e95d3ba95850c57597071eb9d4268 -> 0d8cc246d598a3574f0a70bfc0acdc0d
  custom:scripting/monoscript/fileName/InvertNode.cs: aef8993020aaa00c85fda3667cae847a -> dea92a5f89875763edefe3a7d679495c
  custom:scripting/monoscript/fileName/TweenScaleX.cs: d95f2c20ff436c9d3e5c8819dc611bdf -> c1197e6bdce7981ba79588ce329756ed
  custom:scripting/monoscript/fileName/RandomNode.cs: 3a12d989d014ae414a7ff52247c7cc9e -> 885d54f94d48e6739686aa2df54b2dcc
  custom:scripting/monoscript/fileName/WebSocketClient.cs: bc0d08bf9fdbbf33d8ad12063d1db5a3 -> fd60ee06081554d62016c68d8760734c
  custom:scripting/monoscript/fileName/Download.cs: f6501e8dc91aaff62f79e1e104f3fb2b -> aad7b60f9ad7a71a2475010fc4b161d2
  custom:container-demuxer-ogg: 62fdf1f143b41e24485cea50d1cbac27 -> 
  custom:scripting/monoscript/fileName/SelectorNode.cs: 05fc24c060cffddb4e2edfbc68b022ba -> 5f48bac05a017c522ca04e884f8eb494
  custom:scripting/monoscript/fileName/TweenPositionX.cs: cb3a03be4bebed68f7daeaece450daaf -> ee182dbe4cee02e895443de27fd80c93
  custom:scripting/monoscript/fileName/EventDelegate.cs: 064c5d17dc70f2065c3b131a44e37e45 -> f5a511fa1a54cd44ff21609ffd6f3d2f
  custom:scripting/monoscript/fileName/UIViewAnim.cs: 597c194ac7ed227a7c310b22228ab305 -> 887ce835311aeb0168ba1a56786ea696
  custom:scripting/monoscript/fileName/ActionManager.cs: 642a16899f3a61211e3e6bca53df3682 -> e7395301a813b4a0af8c664afa8181c7
  custom:scripting/monoscript/fileName/StaggeredGridItemPool.cs: a8d6e35bcbcbca3c8b8d6530e8814b67 -> a1c56a735862144bc7088969e0dc38ee
  custom:scripting/monoscript/fileName/IEntityData.cs: 3e95ef12f49a4d6306bff9ed0157020b -> 030b5fb68697e6ef54216f87043b4104
  custom:video-codec-MediaFoundation-h265: 746d11721c4dcdbdad8f713fa42b33f4 -> 
  custom:scripting/monoscript/fileName/Lang.cs: 8cdec2b08ce11af897921fd017a05573 -> 88c9ed800ae2320a060a9053ce1b7a69
  custom:scripting/monoscript/fileName/DelayNode.cs: 07fe52bcf5d2d29631ae3c1495c55c75 -> 9f4785231d299fd0202957912b0c79e7
  custom:scripting/monoscript/fileName/TweenPositionZ.cs: 6821f4b8c04dac8e74c466e4da3b3c9d -> f3db623762648e4e40489eca2299b99f
  custom:scripting/monoscript/fileName/TweenSizeDelta.cs: 3064564b2d445c09994623b1693627cc -> 1d60280c270f1256721be1809b4f2817
  custom:scripting/monoscript/fileName/LabelTextAttribute.cs: 6e521d7f6067d8904c0b4241b930c349 -> 1504f737148d10f74647ad0566960d9e
  custom:scripting/monoscript/fileName/BlackboardSerialize.cs: a273462b5fa4d0d5b3a5c9c7cb1ecb9f -> f00ad90196ba55a1dc10ac972dc3dbac
  custom:scripting/monoscript/fileName/StateFsm.cs: 4dd1b66d5b64718c533cd30ab410429e -> 147d7e169f792ff1aa4516d93f9bc487
  custom:video-decoder-ogg-theora: a1e56fd34408186e4bbccfd4996cb3dc -> 
  custom:scripting/monoscript/fileName/NetLocalServer.cs: 7f0b5b3909ec096bcd221a7a3b4486e4 -> 3ff54de2a7043ad77b01dce90082dd63
  custom:scripting/monoscript/fileName/CustomAnimationState.cs: c3aaea091e69635ce0b7941b1ecd7049 -> 2397b3fecd79aaa780d20e4caaaa937e
  custom:scripting/monoscript/fileName/Feishu.cs: 24198a470d51f49c89a521f9b4b56cbd -> 7c848f16984648b22093a2929a1a5b74
  custom:scripting/monoscript/fileName/Alurax.cs: 5fffe36e80ca6064658ec7bf205b3b83 -> 878ca3420d69cbc3017c1a9189882d93
  custom:framework-win-MediaFoundation: 216162199b28c13a410421893ffa2e32 -> 
  custom:scripting/monoscript/fileName/Blackboard.cs: e30d429c5fb2488e5e65ac9b2c74b297 -> 9aa5dea9a86e4647acbd1fda802c1cbe
  custom:scripting/monoscript/fileName/SetVariableNode.cs: 1ff877361a08f830a0eb127ea50a3855 -> 24b926edbbd58e930916ab9f8aa4b8d0
  custom:scripting/monoscript/fileName/TweenWidth.cs: 9b17f2a449d27066a70f7ff612ca337d -> f09388b8b5d8f0f11dacd75ad9704e08
  custom:scripting/monoscript/fileName/ActObject.cs: 6dd9027b1e08aa5d8090eb1474c6d700 -> 689bd512e75d3a0be2db2246babfc105
  custom:scripting/monoscript/fileName/TimeHelper.cs: 79b12c1a68f83384cf9d3772b25f1adc -> 38a35964ff07d8427cb061515d4eac9a
  custom:scripting/monoscript/fileName/BundleMap.cs: 657a53270a0c9e9a648ba06082641f74 -> 81e683e63804d1a2daa0e7209a76953a
  custom:scripting/monoscript/fileName/TweenRotationZ.cs: 5601e5ee6e021ffd72aa6345c4bbaae3 -> 9e0cb99fbfcb5db8805481170c8e9dbf
  custom:scripting/monoscript/fileName/TweenPositionY.cs: a28b34aa033fb98c5941fa9b3df8d9cd -> ee8ccb671c8c1d9484a8873a357eff4e
  custom:scripting/monoscript/fileName/Vector3.Extension.cs: 12887526d0f445911d1c878a90b1af9c -> a6ae2a7889ae013299ad2cfd919428f8
  custom:scripting/monoscript/fileName/CustomAnimation.cs: 84d8bd0ebe8798717a0411af1fb4caa0 -> 8b5b63ab1532b6736d9ff85df176f79c
  custom:scripting/monoscript/fileName/ABBaseRule.cs: d43a83a317e7ddb8786aec801d38c1c3 -> 9c4ef0d6002e6ee2803ddc0cd09da1ba
  custom:scripting/monoscript/fileName/UILang.cs: 477b79b4c2bb2c4e4f1ff67bdd53bd9b -> 41905398f322fc41ba301bd446f81d9a
  custom:scripting/monoscript/fileName/ProfilerUtils.cs: b479084f35bda087d7586dc107882b71 -> 5ac4c82983f0696acced9ab7978ee9b8
  custom:scripting/monoscript/fileName/ModHandlerAttribute.cs: e8a7b04c81ec88242f994a75559acb35 -> 423a6ef19ac0a6ebb60b47060b5feedf
  custom:scripting/monoscript/fileName/BehaviourTreeScriptObject.cs: 3803177891fa1eedd7c99e0afd741d06 -> 1690dfbc2f8d0501ba7f55a60f94e233
  custom:scripting/monoscript/fileName/NetConfig.cs: 0381e13a67a66a53a8751bc43f4e191a -> 8433bb46fd5b517bcdcfb6c7c702e418
  custom:scripting/monoscript/fileName/UILangLibrary.cs: 13423bd0445f79d16094a7aa060bc1ab -> a75709f4ac3938cf3e003f986578263b
  custom:scripting/monoscript/fileName/TweenScale.cs: 1dc06c724f58830e4e600e31d9b7436b -> 494b3315e427862f2f180bb113e83265
  custom:scripting/monoscript/fileName/LoopStaggeredGridView.cs: ad4f8e7351271f8583c3b58f7b137ac5 -> 72f9d53d55c244db9bb0cce101edc681
  custom:CustomObjectIndexerAttribute: 9a22284fe3817be447336de3de66b15e -> 
  custom:scripting/monoscript/fileName/TweenFloat.cs: cbfd1a2abf2771dfa35291d96cce482b -> b77e9d0f9b1f0b7932968d853049de94
  custom:scripting/monoscript/fileName/UIBind.cs: b4d4f68299678a641a13983bd584d87a -> d786af077886265732bd461626ab8552
  custom:scripting/monoscript/fileName/UIManager.cs: 3dbd40448c1c56e9b5d347d05a969a6f -> 1c66ec75abd0ed269ab1301c9b91ebbb
  custom:scripting/monoscript/fileName/NetPacket.cs: 0a4192933a89b51b4b3772a63241b737 -> c973d88f22c9de1898f7ffe10a042770
  custom:container-demuxer-webm: 4f35f7cbe854078d1ac9338744f61a02 -> 
  custom:scripting/monoscript/fileName/GameObject.Extension.cs: ebe2886e16c60f928426b4e391c90a89 -> e67603251f3eedb8550b43ad7059f89c
  custom:scripting/monoscript/fileName/ItemPosMgr.cs: 7989b3f3645037cea686270a688405f9 -> cdb8388ddeff64b33c15cf8a02776a79
  custom:scripting/monoscript/fileName/BlackboardVariableJsonConverter.cs: bc5bef329b10c012454e256d875025fb -> 287d20ebbced02e40a99420591c734cb
  custom:scripting/monoscript/fileName/UIView.cs: fb8007c3912187f4a9f9940b4f0990b0 -> fee33a2e4c71566ca6e04c888ccc641d
  custom:scripting/monoscript/fileName/UIState.cs: c93aa41aef567f4cdd74371b0aac0855 -> 3bb9ca8b202fb4ae9af28961695ba5fd
  custom:scripting/monoscript/fileName/WaitSecondsNode.cs: 540924c08ab27d75bb1d6739f631b213 -> 4488b8b4bb36cd39aa1c897cd4c7fda2
  custom:scripting/monoscript/fileName/TweenColor.cs: 89dbae2f35a29a53e872dfd2ad777e4a -> 316f0824466f1f25ab0ccdb99363b047
  custom:scripting/monoscript/fileName/RootNode.cs: 5d3dd18c4c06e5ff3b2828505b51a548 -> f6425544f5a12a34c2f2f258fed49c38
  custom:scripting/monoscript/fileName/TweenRotationY.cs: ab30ca5ba7c58d1b3c70f4336bb587bb -> aad56fba80c0bb0e472b5293a783e30d
  custom:scripting/monoscript/fileName/ClampAttribute.cs: 829b88edd7f38d81617b133708eebe87 -> 14ac91aa8d363811e4426262d15e91f0
  custom:scripting/monoscript/fileName/LogWrite.cs: 24e7c10e4ee5d6d85bafa088dd1a0302 -> 2d398127d958d531ea61442b6d821031
  custom:scripting/monoscript/fileName/LoopGridItemPool.cs: b01e8962f6b4c0b67d27e4c26f4ffc8f -> 0faffaa6cec94cc66ae6d94a54c97332
  custom:scripting/monoscript/fileName/ConditionNode.cs: 80558d242821248563852d49b680878d -> 96aa59717425e3ae38ce20ae4baceb92
  custom:scripting/monoscript/fileName/UIImage.cs: b3f6323474da12c7d06aadc4c1f62e51 -> d15fc8a02b929cc4b62d6b0f2bc0bbaf
  custom:scripting/monoscript/fileName/Vector2.Extension.cs: 2baa88946326cdbfb6120d0c82f51f5d -> 686c91aee8b8ecede42f550720e41160
  custom:scripting/monoscript/fileName/LoopListItemPool.cs: 2a09657c225ee7a0bb35e2e612266d3e -> 70c61f96a3700105c3c69779216e0416
  custom:scripting/monoscript/fileName/UIBindItem.cs: f0129c0e5fc910d9cd7a684e2b54acb7 -> 13f960dce1aa25b539a9ec24ce40e3d3
  custom:scripting/monoscript/fileName/TweenAlphaGroup.cs: 2dbcf72ba68b015d917f57a6d46804e3 -> d9c8df9afab07217c0157018a2c7ca6b
  custom:scripting/monoscript/fileName/BlackboardVariable.cs: 86147a9556940e33dc371e96b2d8dfc5 -> 3873cee0f06c0a08cd458f9d1910e4ce
  custom:scripting/monoscript/fileName/ParallelNode.cs: 522adb8ba3732e671a562d5dc09f315c -> 197b70677d40f900582556f9a2605cff
  custom:container-muxer-webm: aa71ff27fc2769a1b78a27578f13a17b -> 
  custom:scripting/precompiled-assembly-types:Alurax: f7fcd8c3779f135931f0b0f37582d1cf -> 
  custom:scripting/monoscript/fileName/BlackboardComponent.cs: 34014d4ac59f6b2f4d260a6487b24f7b -> 3a7f7176cde4c825810bb5e32e68e162
  custom:scripting/monoscript/fileName/NetworkManager.cs: 3ae2d797ad1b8820c9159d7893ff027e -> 24c613b61d65c6c979170d1356966b78
  custom:video-decoder-webm-vp8: 9c59270c3fd7afecdb556c50c9e8de78 -> 
  custom:scripting/monoscript/fileName/WaitUntilNode.cs: 1ccdc2dc0d3d9c8957e027991a90406b -> 107060008ffcabd8445bee36203e61c2
  custom:scripting/monoscript/fileName/ActDummy.cs: 1270cb0f6368e73a34b73561161ac22c -> 2d961fd83a34fa4d9904e72cccd61699
  custom:scripting/monoscript/fileName/TweenHeight.cs: f9abe76f9a09f69c0f1c596e946ca744 -> 9c690bbdb589cd2560728029452204f6
  custom:scripting/monoscript/fileName/TweenRotation.cs: b24e46edbe0f97cbcc980bf4d5a80e13 -> cd08173666e20fa2322681913ad4355f
  custom:SearchIndexIgnoredProperties: e643bd26f0fe6173181afceb89e7c659 -> 
  custom:AudioImporter_EditorPlatform: d09bf68614088b80899f8185d706f6e7 -> 
  custom:scripting/monoscript/fileName/NodeBase.cs: dbc858a1009f84aae3d726eb8cc1d719 -> 0d5df9053b52ae5c3eec53de58325b5d
  custom:scripting/monoscript/fileName/ABPack.cs: 538d45bc3bb44c43f9609d8b0bd7da43 -> 2da04bcb41333d3aa309b70fd7d24f22
  custom:scripting/monoscript/fileName/ActEnable.cs: 19266894b6187f33f078f979ecaf985d -> 770c69494c2f41b83a1a7357a447a5ca
  custom:scripting/monoscript/fileName/CommonDefine.cs: 5b25e4b3f55429941f50240f8723a333 -> 7ec3e22332e0b5f39012547465c8bbe9
  custom:scripting/monoscript/fileName/CompositeNode.cs: 03480dbc273edb4baf7f3c49c7e4ab64 -> 1f11379635d46bf12431719761d5d720
  custom:scripting/monoscript/fileName/BehaviourTree.cs: 5314da5dc12269f33df87af9f500bb10 -> 11f32c54e599a642d09ef373e12fab48
  custom:scripting/monoscript/fileName/UIEventTrigger.cs: 91216423c418998a292ffb3fe005a1d6 -> a12958e81daf1dc18e3ec2be74a0a471
  custom:scripting/monoscript/fileName/DecoratorNode.cs: 7edcb6da025022cc334b14e5e1772309 -> 5416543288b25a3830d7d143bb027bfe
  custom:scripting/monoscript/fileName/ClickEventListener.cs: 53d32fec55aa14161cc9cee36f76fc31 -> 9bdc08ec67a116b9e020a29a932ae465
  custom:scripting/monoscript/fileName/TweenScaleZ.cs: a5451a6ac34570a0c732b9a6cee45945 -> dfe8a68a0997003f5480d7e2c5648e54
  custom:scripting/monoscript/fileName/PreviewListView.cs: 2a7e6c35aa987f742a409fea6253cdc6 -> 724bdd28bde3d803509310aa1fc2fa57
  custom:scripting/monoscript/fileName/FileUtils.cs: 52a4181d2816a066130820aaf2528675 -> ae35e870318b82a13eda15151d729201
  custom:scripting/monoscript/fileName/TCPManager.cs: a719d3a4e3aaf48d2549efbeae64bd7f -> 795a0e6ff0a3f476214786b4de184190
  custom:scripting/monoscript/fileName/UITweener.cs: 4b724dc63d393a5d5b61d41b9d71dd01 -> f32ab1a7efda62e6a0a9b2b688cb50b4
  custom:scripting/monoscript/fileName/TweenScaleSizeDelta.cs: 3b13db3b9a02563b076f3ac7d05cae36 -> 67a90e18bff0604c290b8758b746f844
  custom:scripting/monoscript/fileName/TweenPosition.cs: daca9dd54c46178a8120acd352b55fa4 -> 6c102b202ad7ac7faf2e355af2e4d05a
  custom:scripting/monoscript/fileName/UIRawImage.cs: c642062746821d0fe84c612609e7554c -> 3466346ecd4fd4a506524d54b000bef1
  custom:scripting/monoscript/fileName/FailureNode.cs: d933634df61c9ec78314bdbf3cd19c4c -> 44f8b70834b3298e09ef3f659d6b1c11
  custom:scripting/monoscript/fileName/EntityBase.cs: 7229dbbfbabaf7edbf12d50aaabcf7cd -> bca4c105f178bde59c45f39ebb713fb5
  custom:scripting/monoscript/fileName/UITextMeshPro.cs: 9c825fc5c1a4f26ec3984c0735920206 -> a70e2f7f5cc294389e46d825a33af4ce
  custom:scripting/monoscript/fileName/ModBase.cs: 7e1d5cd1aae5ec846957882378e66b5d -> 68a8f384fd7e00aa70fc76a0ec6bf4b6
  custom:scripting/monoscript/fileName/LoopListView2.cs: 695527fd8e3bdb810702dbaad561bfc0 -> fb73a501b930875dd05ab1d00634b809
  custom:scripting/monoscript/fileName/LoopTreeViewItem.cs: e7b6622c51589039600e4b9ce426bdf0 -> d587bdf6e95420c7d985f9c697c80970
  custom:scripting/monoscript/fileName/TCPClient.cs: 59b9e95dad91f34a0a178a799b6a02b3 -> ce0ce117831398244d7f78a5cb9dd3f4
  custom:video-encoder-webm-vp8: eb34c28f22e8b96e1ab97ce403110664 -> 
  custom:scripting/monoscript/fileName/TweenScaleY.cs: 239f012a81ab768a7645f234de3a8f6c -> 56d2deea63aa272467b77175c2d7e093
  custom:scripting/monoscript/fileName/TweenRotationX.cs: 5ccb977ead3af07fea1afafd0d49601f -> 8b2dc058359656ea812410045c8df4b8
  custom:scripting/monoscript/fileName/UIHandlerAttribute.cs: db729bcdf7c2dea1c83abe5f33733c0a -> 4703866ebf134362d1dd8730b1764484
  custom:scripting/monoscript/fileName/WaitStopNode.cs: df9737fa28bd3874b1677833ef852bb2 -> b155769938100bbc93432f871f707503
  custom:audio-decoder-ogg-vorbis: bf7c407c2cedff20999df2af8eb42d56 -> 
  custom:scripting/monoscript/fileName/LogNode.cs: 1d9b4a8fa33bf143c089d66e12059099 -> 671649917d8620d9728418b0bf583bc1
  custom:scripting/monoscript/fileName/UIHandler.cs: 6a189eb2ebe83944f72cee0168dca96f -> 66c6e859354fc8f91211817033557d45
  custom:scripting/monoscript/fileName/UIEmptySelectable.cs: ddcef08fb191ebc16c35eb992b72cf2d -> ac8e925baa4ea010ddba947e641cf7b6
  custom:scripting/monoscript/fileName/ContainerNode.cs: 9bae42a14469668be04fcc26d863f7c9 -> 7fb2ab950ef036b5c8fa13a463d358cf
  custom:scripting/monoscript/fileName/Assets.cs: ac3741c2b735d49f501cdfcda9f94851 -> 7a5e4511cd25bd73def4f23126e80af6
  custom:scripting/monoscript/fileName/StaggeredGridItemGroup.cs: c479db337ede405ff9c791e2f76c0a97 -> 48ec045c53f862821f2cd6a3779c5249
  custom:scripting/monoscript/fileName/StateNode.cs: 120efb680258e41decccf3bcdb6f1d85 -> 1ae57dfc1fd74577d994133d40477910
  custom:scripting/monoscript/fileName/SuccessNode.cs: 0be188406e5a50fb11b816ae5a32a9a7 -> b553f29ddadd0c0f34ac4640c0b8119c
  custom:scripting/monoscript/fileName/UIMeshImage.cs: 5e79e71b0ad7101a6fcdcca2718faa87 -> 2eddab75367c56540f9fd70e7cdaaf8b
  custom:scripting/monoscript/fileName/UIContainer.cs: 26fc380c591b0ea16ea8704abf9853b2 -> c9d1e178dbbb5020b4a23e8309be5fea
  custom:scripting/monoscript/fileName/ActDirector.cs: bbed32131f0e604296678b8464c90da4 -> 91eac7aa58fbdb75774cdf3fcb2d0a8b
  custom:scripting/monoscript/fileName/LoopGridView.cs: d0d3e66596da797ccb0cf9892d5e365a -> 64eb0b321b7a53119d733816fdcc3aac
  custom:scripting/monoscript/fileName/GridItemGroup.cs: f6c124997e755a847579f71e41084570 -> 7b45eedfa7576c534a80bcf8f4dc2070
  custom:scripting/monoscript/fileName/LoopListViewItem2.cs: f0a0bd0e7c651cd834ff59aeb0553f69 -> e51dc450aaeb10cf7e4f1510bb108776
  custom:scripting/monoscript/fileName/UIToggle.cs: 43eb3f5f457c90d3928a318f9e889cb3 -> 02750cfe99d4bec4764c0d70e14bb061
  custom:scripting/monoscript/fileName/ActNameAttribute.cs: 17cb2cd6dfb8be805374beae3333d17d -> ee3615cd8123925979b3c6c9fce376f7
  custom:scripting/monoscript/fileName/RepeatNode.cs: 5473ba8c0629fc753520daa66335ba8b -> 491ea16c638727e6beaef850f006336f
  custom:scripting/monoscript/fileName/ActionNode.cs: 5381f648df9ab14e32640d759c11aa53 -> 1c34c57157f704f239192cacbf42bf86
  custom:scripting/monoscript/fileName/LoopGridViewItem.cs: 19010b52c1afe8f83f047d3d35a8de91 -> 3bca172af0145e8acd101decd572e137
  custom:scripting/monoscript/fileName/EntityDataBoard.cs: 784a1b3ad5f97427cfdcf5453bb56056 -> 1fcfa726b8b5fa797a9206a5aedaabf5
  custom:scripting/monoscript/fileName/StateBase.cs: fbbddff37941e5e76409d1378aca0028 -> 0053a7da0d80b02f5266d1686798bef3
  custom:scripting/monoscript/fileName/UIHeadView.cs: d27e87c2397e32f172ef901cecfacfed -> 73ab6b2e16ae456bff55df6a8de79b04
  custom:scripting/monoscript/fileName/CooldownNode.cs: 141f42097a09ee944d7b1dd66627fbc7 -> 8783a51c870eb419a63c7364d4921369
  custom:scripting/monoscript/fileName/LoopTreeView.cs: e33d5ac5d7a66c7d4311b283c3b5def2 -> bcefd5f416df7f30c3f1a4c5e5dcad34
  custom:scripting/monoscript/fileName/TaskManager.cs: c8c7f4dc202f21be748003804c4088c1 -> fa482f35f629691957754eca0354b3f7
  custom:audio-encoder-webm-vorbis: bf7c407c2cedff20999df2af8eb42d56 -> 
  custom:scripting/monoscript/fileName/LoopTreeItemPool.cs: fbdd340a6e568bbe3f7a3b826dbfe895 -> f1abc1b5ca8e88e62af4c6a195c29f29
  custom:scripting/monoscript/fileName/ActBase.cs: bb1829b097cdf768087e48b74a77e875 -> 4eceb0efef62303e6c89cde84b553fee
  custom:scripting/monoscript/fileName/AnimationPlayable.cs: 93a09722a98d5b065b4e65e882766974 -> e2698f6e8f3c4437d09672b08b478ba9
  custom:scripting/monoscript/fileName/AnimationLayer.cs: 68e1a48c6e056675ab4dcab561ba68c7 -> f270f6c988c387c755d1ef8289eba7c9
  custom:scripting/monoscript/fileName/ButtonAttribute.cs: c4418979472a60486d1a8cdc25c36c2d -> 373c79ae01d35965a84d1acb36b51696
  custom:scripting/monoscript/fileName/UIPersist.cs: 24beff0daf3ea1519c0bee81ff9874ea -> 08108ea4c7cef7d3fa831565b278195a
  custom:scripting/monoscript/fileName/EntityComponent.cs: 34cc614ceaa3def7aa3e7dd5e9abb0a1 -> a2007eb1296ae4369e73a675d817c6bf
  custom:scripting/monoscript/fileName/TweenAlpha.cs: 95aa68cdfcfde7b9d5ab6355e5b17f54 -> abdc7b04780b1e9e47f0d02df7dc734f
  custom:scripting/monoscript/fileName/LoopStaggeredGridViewItem.cs: 2710aef4e06a8076ca248a28666344fc -> aeda343c09fa141ae321b9c4314cc944
  custom:scripting/monoscript/fileName/GameObjectPool.cs: 1426532ee1bc287e13ffaae75ce8ff7b -> a3db75047749f351b3b1edb6ecf0ae0c
  custom:scripting/monoscript/fileName/UIText.cs: 19ad982f26bc6e74135e55ac6be5d876 -> 7049dc0ee3a379ff44b7aa83db1e06b9
  custom:scripting/monoscript/fileName/BehaviourTreeComponent.cs: 0139398918cc8f9df13f7720b2a41a15 -> 1d7c79f2754b60363e3a6062383b022b
  custom:scripting/monoscript/fileName/ModManager.cs: eecd892eaf7a7e4aac22fe2d42ffe68d -> ea5a42e8e15d148a605d1adb9a76e04c
  custom:scripting/monoscript/fileName/SequenceNode.cs: 17946d0b2837cd99854aa3d08f87ae19 -> d1f1e30c066be71606c8998e194e75ba
  custom:scripting/precompiled-assembly-types:Wakoo:  -> e038a211d189c62c4a0c4dd5acdb8c63
